Component: ARM Compiler 5.06 update 6 (build 750) Tool: armlink [4d35ed]

==============================================================================

Section Cross References

    main.o(i.main) refers to main.o(i.GPIOA_Enable) for GPIOA_Enable
    main.o(i.main) refers to spi_stm32l011.o(i.SPI_Enable) for SPI_Enable
    main.o(i.main) refers to lcd_spi.o(i.init_lcd) for init_lcd
    main.o(i.main) refers to lcd_spi.o(i.moveCursor) for moveCursor
    main.o(i.main) refers to lcd_spi.o(i.drawString) for drawString
    main.o(i.main) refers to main.o(i.delay) for delay
    system_stm32l0xx.o(i.SystemCoreClockUpdate) refers to aeabi_sdiv.o(.text) for __aeabi_uidivmod
    system_stm32l0xx.o(i.SystemCoreClockUpdate) refers to system_stm32l0xx.o(.data) for SystemCoreClock
    system_stm32l0xx.o(i.SystemCoreClockUpdate) refers to system_stm32l0xx.o(.constdata) for PLLMulTable
    startup_stm32l011xx.o(STACK) refers (Special) to heapauxi.o(.text) for __use_two_region_memory
    startup_stm32l011xx.o(HEAP) refers (Special) to heapauxi.o(.text) for __use_two_region_memory
    startup_stm32l011xx.o(RESET) refers (Special) to heapauxi.o(.text) for __use_two_region_memory
    startup_stm32l011xx.o(RESET) refers to startup_stm32l011xx.o(STACK) for __initial_sp
    startup_stm32l011xx.o(RESET) refers to startup_stm32l011xx.o(.text) for Reset_Handler
    startup_stm32l011xx.o(RESET) refers to lcd_spi.o(i.DMA1_Channel2_3_IRQHandler) for DMA1_Channel2_3_IRQHandler
    startup_stm32l011xx.o(.text) refers (Special) to heapauxi.o(.text) for __use_two_region_memory
    startup_stm32l011xx.o(.text) refers to startup_stm32l011xx.o(STACK) for __initial_sp
    startup_stm32l011xx.o(.text) refers to system_stm32l0xx.o(i.SystemInit) for SystemInit
    startup_stm32l011xx.o(.text) refers to __main.o(!!!main) for __main
    startup_stm32l011xx.o(.text) refers to startup_stm32l011xx.o(HEAP) for Heap_Mem
    spi_stm32l011.o(i.DMA_Enable) refers to spi_stm32l011.o(i.__NVIC_SetPriority) for __NVIC_SetPriority
    spi_stm32l011.o(i.SPI_Enable) refers to spi_stm32l011.o(i.DMA_Enable) for DMA_Enable
    spi_stm32l011.o(i.SPI_Transmit) refers to spi_stm32l011.o(i.SPI_Send) for SPI_Send
    lcd_spi.o(i.DMA1_Channel2_3_IRQHandler) refers to lcd_spi.o(.data) for fill_screen
    lcd_spi.o(i.clearChar) refers to lcd_spi.o(i.setAddrWindow) for setAddrWindow
    lcd_spi.o(i.clearChar) refers to lcd_spi.o(.data) for LCD
    lcd_spi.o(i.drawChar) refers to h1_alloc.o(.text) for malloc
    lcd_spi.o(i.drawChar) refers to lcd_spi.o(i.reverseBits) for reverseBits
    lcd_spi.o(i.drawChar) refers to lcd_spi.o(i.clearChar) for clearChar
    lcd_spi.o(i.drawChar) refers to lcd_spi.o(i.drawPixel) for drawPixel
    lcd_spi.o(i.drawChar) refers to h1_free.o(.text) for free
    lcd_spi.o(i.drawChar) refers to lcd_spi.o(.data) for LCD
    lcd_spi.o(i.drawChar) refers to lcd_spi.o(.constdata) for verdana_descriptors
    lcd_spi.o(i.drawPixel) refers to lcd_spi.o(i.setAddrWindow) for setAddrWindow
    lcd_spi.o(i.drawPixel) refers to spi_stm32l011.o(i.SPI_Transmit) for SPI_Transmit
    lcd_spi.o(i.drawString) refers to lcd_spi.o(i.drawChar) for drawChar
    lcd_spi.o(i.fillRect) refers to lcd_spi.o(i.setAddrWindow) for setAddrWindow
    lcd_spi.o(i.fillRect) refers to lcd_spi.o(.data) for LCD
    lcd_spi.o(i.init_lcd) refers to lcd_spi.o(i.LCD_Delay) for LCD_Delay
    lcd_spi.o(i.init_lcd) refers to lcd_spi.o(i.writecommand) for writecommand
    lcd_spi.o(i.init_lcd) refers to lcd_spi.o(i.writedata) for writedata
    lcd_spi.o(i.init_lcd) refers to lcd_spi.o(i.fillRect) for fillRect
    lcd_spi.o(i.init_lcd) refers to lcd_spi.o(.data) for LCD
    lcd_spi.o(i.moveCursor) refers to lcd_spi.o(.data) for LCD
    lcd_spi.o(i.setAddrWindow) refers to lcd_spi.o(i.writecommand) for writecommand
    lcd_spi.o(i.setAddrWindow) refers to lcd_spi.o(i.writedata) for writedata
    lcd_spi.o(i.writecommand) refers to spi_stm32l011.o(i.SPI_Transmit) for SPI_Transmit
    lcd_spi.o(i.writedata) refers to spi_stm32l011.o(i.SPI_Transmit) for SPI_Transmit
    malloc.o(.text) refers (Special) to hguard.o(.text) for __heap$guard
    malloc.o(.text) refers (Special) to init_alloc.o(.text) for _init_alloc
    malloc.o(.text) refers to rt_heap_descriptor_intlibspace.o(.text) for __rt_heap_descriptor
    free.o(.text) refers (Special) to hguard.o(.text) for __heap$guard
    free.o(.text) refers to rt_heap_descriptor_intlibspace.o(.text) for __rt_heap_descriptor
    h1_alloc.o(.text) refers (Special) to h1_init.o(.text) for __Heap_Initialize
    h1_alloc.o(.text) refers to rt_heap_descriptor_intlibspace.o(.text) for __rt_heap_descriptor
    h1_alloc.o(.text) refers to init_alloc.o(.text) for __Heap_Full
    h1_free.o(.text) refers to rt_heap_descriptor_intlibspace.o(.text) for __rt_heap_descriptor
    h1_alloc_mt.o(.text) refers (Special) to h1_init.o(.text) for __Heap_Initialize
    h1_alloc_mt.o(.text) refers to init_alloc.o(.text) for __Heap_Full
    h1_alloc_mt.o(.text) refers to rt_heap_descriptor_intlibspace.o(.text) for __rt_heap_descriptor
    h1_free_mt.o(.text) refers to rt_heap_descriptor_intlibspace.o(.text) for __rt_heap_descriptor
    heap2.o(i._FDIterate) refers to heap2.o(.conststring) for .conststring
    heap2.o(i.___Heap_ProvideMemory$realtime) refers to fdtree.o(i._FDTree_Delete) for _FDTree_Delete
    heap2.o(i.___Heap_ProvideMemory$realtime) refers to fdtree.o(i._FDTree_Insert) for _FDTree_Insert
    heap2.o(i.___Heap_Stats$realtime) refers to heap2.o(i._Heap2_StatsIterate) for _Heap2_StatsIterate
    heap2.o(i.___Heap_Stats$realtime) refers to aeabi_sdiv.o(.text) for __aeabi_uidivmod
    heap2.o(i.___Heap_Valid$realtime) refers to heap2.o(i._FDIterate) for _FDIterate
    heap2.o(i.___Heap_Valid$realtime) refers to heap2.o(.conststring) for .conststring
    heap2.o(i._free$realtime) refers to rt_heap_descriptor_intlibspace.o(.text) for __rt_heap_descriptor
    heap2.o(i._free$realtime) refers to fdtree.o(i._FDTree_Delete) for _FDTree_Delete
    heap2.o(i._free$realtime) refers to fdtree.o(i._FDTree_Insert) for _FDTree_Insert
    heap2.o(i._malloc$realtime) refers to rt_heap_descriptor_intlibspace.o(.text) for __rt_heap_descriptor
    heap2.o(i._malloc$realtime) refers to fdtree.o(i._FDTree_FindFirst) for _FDTree_FindFirst
    heap2.o(i._malloc$realtime) refers to init_alloc.o(.text) for __Heap_Full
    heap2.o(i._malloc$realtime) refers to fdtree.o(i._FDTree_RemoveNode) for _FDTree_RemoveNode
    heap2.o(i._malloc$realtime) refers to fdtree.o(i._FDTree_Insert) for _FDTree_Insert
    heap2.o(i._posix_memalign$realtime) refers to rt_heap_descriptor_intlibspace.o(.text) for __rt_heap_descriptor
    heap2.o(i._posix_memalign$realtime) refers to fdtree.o(i._FDTree_FindFirst) for _FDTree_FindFirst
    heap2.o(i._posix_memalign$realtime) refers to init_alloc.o(.text) for __Heap_Full
    heap2.o(i._posix_memalign$realtime) refers to fdtree.o(i._FDTree_RemoveNode) for _FDTree_RemoveNode
    heap2.o(i._posix_memalign$realtime) refers to fdtree.o(i._FDTree_Insert) for _FDTree_Insert
    heap2.o(i._realloc$realtime) refers to rt_heap_descriptor_intlibspace.o(.text) for __rt_heap_descriptor
    heap2.o(i._realloc$realtime) refers to h1_free.o(.text) for free
    heap2.o(i._realloc$realtime) refers to h1_alloc.o(.text) for malloc
    heap2.o(i._realloc$realtime) refers to fdtree.o(i._FDTree_Delete) for _FDTree_Delete
    heap2.o(i._realloc$realtime) refers to fdtree.o(i._FDTree_Insert) for _FDTree_Insert
    heap2.o(i._realloc$realtime) refers to rt_memcpy.o(.emb_text) for __aeabi_memcpy4
    heap2mt.o(i._FDIterate) refers to heap2mt.o(.conststring) for .conststring
    heap2mt.o(i.___Heap_ProvideMemory$realtime$concurrent) refers to fdtree.o(i._FDTree_Delete) for _FDTree_Delete
    heap2mt.o(i.___Heap_ProvideMemory$realtime$concurrent) refers to fdtree.o(i._FDTree_Insert) for _FDTree_Insert
    heap2mt.o(i.___Heap_Stats$realtime$concurrent) refers to heap2mt.o(i._Heap2_StatsIterate) for _Heap2_StatsIterate
    heap2mt.o(i.___Heap_Stats$realtime$concurrent) refers to aeabi_sdiv.o(.text) for __aeabi_uidivmod
    heap2mt.o(i.___Heap_Valid$realtime$concurrent) refers to heap2mt.o(i._FDIterate) for _FDIterate
    heap2mt.o(i.___Heap_Valid$realtime$concurrent) refers to heap2mt.o(.conststring) for .conststring
    heap2mt.o(i._free$realtime$concurrent) refers to rt_heap_descriptor_intlibspace.o(.text) for __rt_heap_descriptor
    heap2mt.o(i._free$realtime$concurrent) refers to fdtree.o(i._FDTree_Delete) for _FDTree_Delete
    heap2mt.o(i._free$realtime$concurrent) refers to fdtree.o(i._FDTree_Insert) for _FDTree_Insert
    heap2mt.o(i._malloc$realtime$concurrent) refers to rt_heap_descriptor_intlibspace.o(.text) for __rt_heap_descriptor
    heap2mt.o(i._malloc$realtime$concurrent) refers to fdtree.o(i._FDTree_FindFirst) for _FDTree_FindFirst
    heap2mt.o(i._malloc$realtime$concurrent) refers to init_alloc.o(.text) for __Heap_Full
    heap2mt.o(i._malloc$realtime$concurrent) refers to fdtree.o(i._FDTree_RemoveNode) for _FDTree_RemoveNode
    heap2mt.o(i._malloc$realtime$concurrent) refers to fdtree.o(i._FDTree_Insert) for _FDTree_Insert
    heap2mt.o(i._posix_memalign$realtime$concurrent) refers to rt_heap_descriptor_intlibspace.o(.text) for __rt_heap_descriptor
    heap2mt.o(i._posix_memalign$realtime$concurrent) refers to fdtree.o(i._FDTree_FindFirst) for _FDTree_FindFirst
    heap2mt.o(i._posix_memalign$realtime$concurrent) refers to init_alloc.o(.text) for __Heap_Full
    heap2mt.o(i._posix_memalign$realtime$concurrent) refers to fdtree.o(i._FDTree_RemoveNode) for _FDTree_RemoveNode
    heap2mt.o(i._posix_memalign$realtime$concurrent) refers to fdtree.o(i._FDTree_Insert) for _FDTree_Insert
    heap2mt.o(i._realloc$realtime$concurrent) refers to rt_heap_descriptor_intlibspace.o(.text) for __rt_heap_descriptor
    heap2mt.o(i._realloc$realtime$concurrent) refers to h1_free.o(.text) for free
    heap2mt.o(i._realloc$realtime$concurrent) refers to h1_alloc.o(.text) for malloc
    heap2mt.o(i._realloc$realtime$concurrent) refers to fdtree.o(i._FDTree_Delete) for _FDTree_Delete
    heap2mt.o(i._realloc$realtime$concurrent) refers to fdtree.o(i._FDTree_Insert) for _FDTree_Insert
    heap2mt.o(i._realloc$realtime$concurrent) refers to rt_memcpy.o(.emb_text) for __aeabi_memcpy4
    __main.o(!!!main) refers to __rtentry.o(.ARM.Collect$$rtentry$$00000000) for __rt_entry
    __rtentry.o(.ARM.Collect$$rtentry$$00000000) refers (Special) to __rtentry2.o(.ARM.Collect$$rtentry$$0000000A) for __rt_entry_li
    __rtentry.o(.ARM.Collect$$rtentry$$00000000) refers (Special) to __rtentry2.o(.ARM.Collect$$rtentry$$0000000D) for __rt_entry_main
    __rtentry.o(.ARM.Collect$$rtentry$$00000000) refers (Special) to __rtentry2.o(.ARM.Collect$$rtentry$$0000000C) for __rt_entry_postli_1
    __rtentry.o(.ARM.Collect$$rtentry$$00000000) refers (Special) to __rtentry2.o(.ARM.Collect$$rtentry$$00000009) for __rt_entry_postsh_1
    __rtentry.o(.ARM.Collect$$rtentry$$00000000) refers (Special) to __rtentry2.o(.ARM.Collect$$rtentry$$00000002) for __rt_entry_presh_1
    __rtentry.o(.ARM.Collect$$rtentry$$00000000) refers (Special) to __rtentry4.o(.ARM.Collect$$rtentry$$00000004) for __rt_entry_sh
    aeabi_idiv0_sigfpe.o(.text) refers to rt_div0.o(.text) for __rt_div0
    rt_heap_descriptor.o(.text) refers to rt_heap_descriptor.o(.bss) for __rt_heap_descriptor_data
    rt_heap_descriptor_intlibspace.o(.text) refers to libspace.o(.bss) for __libspace_start
    init_alloc.o(.text) refers (Special) to hguard.o(.text) for __heap$guard
    init_alloc.o(.text) refers (Special) to libinit2.o(.ARM.Collect$$libinit$$00000005) for __rt_lib_init_heap_2
    init_alloc.o(.text) refers (Special) to maybetermalloc1.o(.emb_text) for _maybe_terminate_alloc
    init_alloc.o(.text) refers to h1_extend.o(.text) for __Heap_ProvideMemory
    init_alloc.o(.text) refers to defsig_rtmem_outer.o(.text) for __rt_SIGRTMEM
    init_alloc.o(.text) refers to rt_heap_descriptor_intlibspace.o(.text) for __rt_heap_descriptor
    init_alloc.o(.text) refers to h1_init.o(.text) for __Heap_Initialize
    rt_memcpy.o(.text) refers to rt_memcpy.o(.emb_text) for __aeabi_memcpy4
    _get_argv.o(.text) refers (Special) to hrguard.o(.text) for __heap_region$guard
    _get_argv.o(.text) refers to h1_alloc.o(.text) for malloc
    _get_argv.o(.text) refers to defsig_rtmem_outer.o(.text) for __rt_SIGRTMEM
    _get_argv.o(.text) refers to sys_command.o(.text) for _sys_command_string
    libinit2.o(.ARM.Collect$$libinit$$00000005) refers (Weak) to init_alloc.o(.text) for _init_alloc
    libinit2.o(.ARM.Collect$$libinit$$00000010) refers to libinit2.o(.ARM.Collect$$libinit$$0000000F) for .ARM.Collect$$libinit$$0000000F
    libinit2.o(.ARM.Collect$$libinit$$00000012) refers to libinit2.o(.ARM.Collect$$libinit$$0000000F) for .ARM.Collect$$libinit$$0000000F
    libinit2.o(.ARM.Collect$$libinit$$00000014) refers to libinit2.o(.ARM.Collect$$libinit$$0000000F) for .ARM.Collect$$libinit$$0000000F
    libinit2.o(.ARM.Collect$$libinit$$00000016) refers to libinit2.o(.ARM.Collect$$libinit$$0000000F) for .ARM.Collect$$libinit$$0000000F
    libinit2.o(.ARM.Collect$$libinit$$00000018) refers to libinit2.o(.ARM.Collect$$libinit$$0000000F) for .ARM.Collect$$libinit$$0000000F
    libinit2.o(.ARM.Collect$$libinit$$00000026) refers to argv_veneer.o(.text) for __ARM_argv_veneer
    libinit2.o(.ARM.Collect$$libinit$$00000027) refers to argv_veneer.o(.text) for __ARM_argv_veneer
    sys_command.o(.text) refers (Special) to use_no_semi.o(.text) for __I$use$semihosting
    sys_command.o(.text) refers (Special) to indicate_semi.o(.text) for __semihosting_library_function
    libspace.o(.text) refers to libspace.o(.bss) for __libspace_start
    __rtentry2.o(.ARM.Collect$$rtentry$$00000008) refers to boardinit2.o(.text) for _platform_post_stackheap_init
    __rtentry2.o(.ARM.Collect$$rtentry$$0000000A) refers to libinit.o(.ARM.Collect$$libinit$$00000000) for __rt_lib_init
    __rtentry2.o(.ARM.Collect$$rtentry$$0000000B) refers to boardinit3.o(.text) for _platform_post_lib_init
    __rtentry2.o(.ARM.Collect$$rtentry$$0000000D) refers to main.o(i.main) for main
    __rtentry2.o(.ARM.Collect$$rtentry$$0000000D) refers to exit.o(.text) for exit
    __rtentry2.o(.ARM.exidx) refers to __rtentry2.o(.ARM.Collect$$rtentry$$00000001) for .ARM.Collect$$rtentry$$00000001
    __rtentry2.o(.ARM.exidx) refers to __rtentry2.o(.ARM.Collect$$rtentry$$00000008) for .ARM.Collect$$rtentry$$00000008
    __rtentry2.o(.ARM.exidx) refers to __rtentry2.o(.ARM.Collect$$rtentry$$0000000A) for .ARM.Collect$$rtentry$$0000000A
    __rtentry2.o(.ARM.exidx) refers to __rtentry2.o(.ARM.Collect$$rtentry$$0000000B) for .ARM.Collect$$rtentry$$0000000B
    __rtentry2.o(.ARM.exidx) refers to __rtentry2.o(.ARM.Collect$$rtentry$$0000000D) for .ARM.Collect$$rtentry$$0000000D
    __rtentry4.o(.ARM.Collect$$rtentry$$00000004) refers to sys_stackheap_outer.o(.text) for __user_setup_stackheap
    __rtentry4.o(.ARM.exidx) refers to __rtentry4.o(.ARM.Collect$$rtentry$$00000004) for .ARM.Collect$$rtentry$$00000004
    rt_div0.o(.text) refers to defsig_fpe_outer.o(.text) for __rt_SIGFPE
    maybetermalloc2.o(.emb_text) refers (Special) to term_alloc.o(.text) for _terminate_alloc
    h1_extend.o(.text) refers to h1_free.o(.text) for free
    h1_extend_mt.o(.text) refers to h1_free_mt.o(.text) for _free_internal
    defsig_rtmem_outer.o(.text) refers to defsig_rtmem_inner.o(.text) for __rt_SIGRTMEM_inner
    defsig_rtmem_outer.o(.text) refers to defsig_exit.o(.text) for __sig_exit
    defsig_rtmem_formal.o(.text) refers to rt_raise.o(.text) for __rt_raise
    heapauxa.o(.text) refers to heapauxa.o(.data) for .data
    sys_stackheap_outer.o(.text) refers to libspace.o(.text) for __user_perproc_libspace
    sys_stackheap_outer.o(.text) refers to startup_stm32l011xx.o(.text) for __user_initial_stackheap
    sys_stackheap_outer.o(__vectab_stack_and_reset_area) refers to tempstk.o(.text) for __temporary_stack_top
    sys_stackheap_outer.o(__vectab_stack_and_reset_area) refers to __main.o(!!!main) for __main
    rt_raise.o(.text) refers to __raise.o(.text) for __raise
    rt_raise.o(.text) refers to sys_exit.o(.text) for _sys_exit
    term_alloc.o(.text) refers (Special) to libshutdown2.o(.ARM.Collect$$libshutdown$$0000000E) for __rt_lib_shutdown_heap_2
    term_alloc.o(.text) refers to rt_heap_descriptor_intlibspace.o(.text) for __rt_heap_descriptor
    exit.o(.text) refers to rtexit.o(.ARM.Collect$$rtexit$$00000000) for __rt_exit
    defsig_exit.o(.text) refers to sys_exit.o(.text) for _sys_exit
    defsig_fpe_outer.o(.text) refers to defsig_fpe_inner.o(.text) for __rt_SIGFPE_inner
    defsig_fpe_outer.o(.text) refers to defsig_exit.o(.text) for __sig_exit
    defsig_fpe_formal.o(.text) refers to rt_raise.o(.text) for __rt_raise
    defsig_rtmem_inner.o(.text) refers to defsig_general.o(.text) for __default_signal_display
    _get_argv_nomalloc.o(.text) refers (Special) to hrguard.o(.text) for __heap_region$guard
    _get_argv_nomalloc.o(.text) refers to defsig_rtmem_outer.o(.text) for __rt_SIGRTMEM
    _get_argv_nomalloc.o(.text) refers to sys_command.o(.text) for _sys_command_string
    libinit.o(.ARM.Collect$$libinit$$00000000) refers (Special) to libinit2.o(.ARM.Collect$$libinit$$0000002E) for __rt_lib_init_alloca_1
    libinit.o(.ARM.Collect$$libinit$$00000000) refers (Special) to libinit2.o(.ARM.Collect$$libinit$$0000002C) for __rt_lib_init_argv_1
    libinit.o(.ARM.Collect$$libinit$$00000000) refers (Special) to libinit2.o(.ARM.Collect$$libinit$$0000001B) for __rt_lib_init_atexit_1
    libinit.o(.ARM.Collect$$libinit$$00000000) refers (Special) to libinit2.o(.ARM.Collect$$libinit$$00000021) for __rt_lib_init_clock_1
    libinit.o(.ARM.Collect$$libinit$$00000000) refers (Special) to libinit2.o(.ARM.Collect$$libinit$$00000032) for __rt_lib_init_cpp_1
    libinit.o(.ARM.Collect$$libinit$$00000000) refers (Special) to libinit2.o(.ARM.Collect$$libinit$$00000030) for __rt_lib_init_exceptions_1
    libinit.o(.ARM.Collect$$libinit$$00000000) refers (Special) to libinit2.o(.ARM.Collect$$libinit$$00000002) for __rt_lib_init_fp_1
    libinit.o(.ARM.Collect$$libinit$$00000000) refers (Special) to libinit2.o(.ARM.Collect$$libinit$$0000001F) for __rt_lib_init_fp_trap_1
    libinit.o(.ARM.Collect$$libinit$$00000000) refers (Special) to libinit2.o(.ARM.Collect$$libinit$$00000023) for __rt_lib_init_getenv_1
    libinit.o(.ARM.Collect$$libinit$$00000000) refers (Special) to libinit2.o(.ARM.Collect$$libinit$$0000000A) for __rt_lib_init_heap_1
    libinit.o(.ARM.Collect$$libinit$$00000000) refers (Special) to libinit2.o(.ARM.Collect$$libinit$$00000011) for __rt_lib_init_lc_collate_1
    libinit.o(.ARM.Collect$$libinit$$00000000) refers (Special) to libinit2.o(.ARM.Collect$$libinit$$00000013) for __rt_lib_init_lc_ctype_1
    libinit.o(.ARM.Collect$$libinit$$00000000) refers (Special) to libinit2.o(.ARM.Collect$$libinit$$00000015) for __rt_lib_init_lc_monetary_1
    libinit.o(.ARM.Collect$$libinit$$00000000) refers (Special) to libinit2.o(.ARM.Collect$$libinit$$00000017) for __rt_lib_init_lc_numeric_1
    libinit.o(.ARM.Collect$$libinit$$00000000) refers (Special) to libinit2.o(.ARM.Collect$$libinit$$00000019) for __rt_lib_init_lc_time_1
    libinit.o(.ARM.Collect$$libinit$$00000000) refers (Special) to libinit2.o(.ARM.Collect$$libinit$$00000004) for __rt_lib_init_preinit_1
    libinit.o(.ARM.Collect$$libinit$$00000000) refers (Special) to libinit2.o(.ARM.Collect$$libinit$$0000000E) for __rt_lib_init_rand_1
    libinit.o(.ARM.Collect$$libinit$$00000000) refers (Special) to libinit2.o(.ARM.Collect$$libinit$$00000033) for __rt_lib_init_return
    libinit.o(.ARM.Collect$$libinit$$00000000) refers (Special) to libinit2.o(.ARM.Collect$$libinit$$0000001D) for __rt_lib_init_signal_1
    libinit.o(.ARM.Collect$$libinit$$00000000) refers (Special) to libinit2.o(.ARM.Collect$$libinit$$00000025) for __rt_lib_init_stdio_1
    libinit.o(.ARM.Collect$$libinit$$00000000) refers (Special) to libinit2.o(.ARM.Collect$$libinit$$0000000C) for __rt_lib_init_user_alloc_1
    sys_exit.o(.text) refers (Special) to use_no_semi.o(.text) for __I$use$semihosting
    sys_exit.o(.text) refers (Special) to indicate_semi.o(.text) for __semihosting_library_function
    rtexit.o(.ARM.Collect$$rtexit$$00000000) refers (Special) to rtexit2.o(.ARM.Collect$$rtexit$$00000004) for __rt_exit_exit
    rtexit.o(.ARM.Collect$$rtexit$$00000000) refers (Special) to rtexit2.o(.ARM.Collect$$rtexit$$00000003) for __rt_exit_ls
    rtexit.o(.ARM.Collect$$rtexit$$00000000) refers (Special) to rtexit2.o(.ARM.Collect$$rtexit$$00000002) for __rt_exit_prels_1
    rtexit.o(.ARM.exidx) refers (Special) to rtexit2.o(.ARM.Collect$$rtexit$$00000004) for __rt_exit_exit
    rtexit.o(.ARM.exidx) refers (Special) to rtexit2.o(.ARM.Collect$$rtexit$$00000003) for __rt_exit_ls
    rtexit.o(.ARM.exidx) refers (Special) to rtexit2.o(.ARM.Collect$$rtexit$$00000002) for __rt_exit_prels_1
    rtexit.o(.ARM.exidx) refers to rtexit.o(.ARM.Collect$$rtexit$$00000000) for .ARM.Collect$$rtexit$$00000000
    __raise.o(.text) refers to defsig.o(CL$$defsig) for __default_signal_handler
    defsig_general.o(.text) refers to sys_wrch.o(.text) for _ttywrch
    defsig_fpe_inner.o(.text) refers to defsig_general.o(.text) for __default_signal_display
    libshutdown2.o(.ARM.Collect$$libshutdown$$0000000D) refers (Weak) to term_alloc.o(.text) for _terminate_alloc
    sys_wrch.o(.text) refers (Special) to use_no_semi.o(.text) for __I$use$semihosting
    sys_wrch.o(.text) refers (Special) to indicate_semi.o(.text) for __semihosting_library_function
    rtexit2.o(.ARM.Collect$$rtexit$$00000003) refers to libshutdown.o(.ARM.Collect$$libshutdown$$00000000) for __rt_lib_shutdown
    rtexit2.o(.ARM.Collect$$rtexit$$00000004) refers to sys_exit.o(.text) for _sys_exit
    rtexit2.o(.ARM.exidx) refers to rtexit2.o(.ARM.Collect$$rtexit$$00000001) for .ARM.Collect$$rtexit$$00000001
    rtexit2.o(.ARM.exidx) refers to rtexit2.o(.ARM.Collect$$rtexit$$00000003) for .ARM.Collect$$rtexit$$00000003
    rtexit2.o(.ARM.exidx) refers to rtexit2.o(.ARM.Collect$$rtexit$$00000004) for .ARM.Collect$$rtexit$$00000004
    defsig.o(CL$$defsig) refers to defsig_fpe_inner.o(.text) for __rt_SIGFPE_inner
    defsig.o(CL$$defsig) refers to defsig_rtmem_inner.o(.text) for __rt_SIGRTMEM_inner
    defsig_abrt_inner.o(.text) refers to defsig_general.o(.text) for __default_signal_display
    defsig_rtred_inner.o(.text) refers to defsig_general.o(.text) for __default_signal_display
    defsig_stak_inner.o(.text) refers to defsig_general.o(.text) for __default_signal_display
    defsig_pvfn_inner.o(.text) refers to defsig_general.o(.text) for __default_signal_display
    defsig_cppl_inner.o(.text) refers to defsig_general.o(.text) for __default_signal_display
    defsig_segv_inner.o(.text) refers to defsig_general.o(.text) for __default_signal_display
    defsig_other.o(.text) refers to defsig_general.o(.text) for __default_signal_display
    libshutdown.o(.ARM.Collect$$libshutdown$$00000000) refers (Special) to libshutdown2.o(.ARM.Collect$$libshutdown$$00000002) for __rt_lib_shutdown_cpp_1
    libshutdown.o(.ARM.Collect$$libshutdown$$00000000) refers (Special) to libshutdown2.o(.ARM.Collect$$libshutdown$$00000007) for __rt_lib_shutdown_fp_trap_1
    libshutdown.o(.ARM.Collect$$libshutdown$$00000000) refers (Special) to libshutdown2.o(.ARM.Collect$$libshutdown$$0000000F) for __rt_lib_shutdown_heap_1
    libshutdown.o(.ARM.Collect$$libshutdown$$00000000) refers (Special) to libshutdown2.o(.ARM.Collect$$libshutdown$$00000010) for __rt_lib_shutdown_return
    libshutdown.o(.ARM.Collect$$libshutdown$$00000000) refers (Special) to libshutdown2.o(.ARM.Collect$$libshutdown$$0000000A) for __rt_lib_shutdown_signal_1
    libshutdown.o(.ARM.Collect$$libshutdown$$00000000) refers (Special) to libshutdown2.o(.ARM.Collect$$libshutdown$$00000004) for __rt_lib_shutdown_stdio_1
    libshutdown.o(.ARM.Collect$$libshutdown$$00000000) refers (Special) to libshutdown2.o(.ARM.Collect$$libshutdown$$0000000C) for __rt_lib_shutdown_user_alloc_1


==============================================================================

Removing Unused input sections from the image.

    Removing main.o(.rev16_text), (4 bytes).
    Removing main.o(.revsh_text), (4 bytes).
    Removing system_stm32l0xx.o(.rev16_text), (4 bytes).
    Removing system_stm32l0xx.o(.revsh_text), (4 bytes).
    Removing system_stm32l0xx.o(i.SystemCoreClockUpdate), (276 bytes).
    Removing system_stm32l0xx.o(.constdata), (33 bytes).
    Removing system_stm32l0xx.o(.data), (4 bytes).
    Removing spi_stm32l011.o(.rev16_text), (4 bytes).
    Removing spi_stm32l011.o(.revsh_text), (4 bytes).
    Removing lcd_spi.o(.rev16_text), (4 bytes).
    Removing lcd_spi.o(.revsh_text), (4 bytes).

11 unused section(s) (total 345 bytes) removed from the image.

==============================================================================

Image Symbol Table

    Local Symbols

    Symbol Name                              Value     Ov Type        Size  Object(Section)

    ../clib/angel/boardlib.s                 0x00000000   Number         0  boardinit3.o ABSOLUTE
    ../clib/angel/boardlib.s                 0x00000000   Number         0  boardinit2.o ABSOLUTE
    ../clib/angel/boardlib.s                 0x00000000   Number         0  boardinit1.o ABSOLUTE
    ../clib/angel/boardlib.s                 0x00000000   Number         0  boardshut.o ABSOLUTE
    ../clib/angel/handlers.s                 0x00000000   Number         0  __scatter_copy.o ABSOLUTE
    ../clib/angel/handlers.s                 0x00000000   Number         0  __scatter_zi.o ABSOLUTE
    ../clib/angel/kernel.s                   0x00000000   Number         0  __rtentry2.o ABSOLUTE
    ../clib/angel/kernel.s                   0x00000000   Number         0  __rtentry.o ABSOLUTE
    ../clib/angel/kernel.s                   0x00000000   Number         0  __rtentry4.o ABSOLUTE
    ../clib/angel/kernel.s                   0x00000000   Number         0  rtexit.o ABSOLUTE
    ../clib/angel/kernel.s                   0x00000000   Number         0  rtexit2.o ABSOLUTE
    ../clib/angel/rt.s                       0x00000000   Number         0  rt_heap_descriptor_intlibspace.o ABSOLUTE
    ../clib/angel/rt.s                       0x00000000   Number         0  rt_div0.o ABSOLUTE
    ../clib/angel/rt.s                       0x00000000   Number         0  rt_raise.o ABSOLUTE
    ../clib/angel/rt.s                       0x00000000   Number         0  rt_heap_descriptor.o ABSOLUTE
    ../clib/angel/rt.s                       0x00000000   Number         0  aeabi_idiv0_sigfpe.o ABSOLUTE
    ../clib/angel/rt.s                       0x00000000   Number         0  aeabi_idiv0.o ABSOLUTE
    ../clib/angel/scatterp.s                 0x00000000   Number         0  __scatter.o ABSOLUTE
    ../clib/angel/startup.s                  0x00000000   Number         0  __main.o ABSOLUTE
    ../clib/angel/sys.s                      0x00000000   Number         0  use_no_semi.o ABSOLUTE
    ../clib/angel/sys.s                      0x00000000   Number         0  indicate_semi.o ABSOLUTE
    ../clib/angel/sys.s                      0x00000000   Number         0  sys_stackheap_outer.o ABSOLUTE
    ../clib/angel/sys.s                      0x00000000   Number         0  libspace.o ABSOLUTE
    ../clib/angel/sys.s                      0x00000000   Number         0  mutex_dummy.o ABSOLUTE
    ../clib/angel/sys.s                      0x00000000   Number         0  tempstk.o ABSOLUTE
    ../clib/angel/sysapp.c                   0x00000000   Number         0  sys_command.o ABSOLUTE
    ../clib/angel/sysapp.c                   0x00000000   Number         0  sys_wrch.o ABSOLUTE
    ../clib/angel/sysapp.c                   0x00000000   Number         0  sys_exit.o ABSOLUTE
    ../clib/armsys.c                         0x00000000   Number         0  no_argv.o ABSOLUTE
    ../clib/armsys.c                         0x00000000   Number         0  _get_argv_nomalloc.o ABSOLUTE
    ../clib/armsys.c                         0x00000000   Number         0  argv_veneer.o ABSOLUTE
    ../clib/armsys.c                         0x00000000   Number         0  _get_argv.o ABSOLUTE
    ../clib/division.s                       0x00000000   Number         0  aeabi_sdiv_div0.o ABSOLUTE
    ../clib/division.s                       0x00000000   Number         0  aeabi_sdiv.o ABSOLUTE
    ../clib/heap1.c                          0x00000000   Number         0  h1_alloc_mt.o ABSOLUTE
    ../clib/heap1.c                          0x00000000   Number         0  h1_extend_mt.o ABSOLUTE
    ../clib/heap1.c                          0x00000000   Number         0  h1_final_mt.o ABSOLUTE
    ../clib/heap1.c                          0x00000000   Number         0  h1_final.o ABSOLUTE
    ../clib/heap1.c                          0x00000000   Number         0  h1_alloc.o ABSOLUTE
    ../clib/heap1.c                          0x00000000   Number         0  h1_free.o ABSOLUTE
    ../clib/heap1.c                          0x00000000   Number         0  h1_extend.o ABSOLUTE
    ../clib/heap1.c                          0x00000000   Number         0  h1_free_mt.o ABSOLUTE
    ../clib/heap1.c                          0x00000000   Number         0  h1_init.o ABSOLUTE
    ../clib/heap1.c                          0x00000000   Number         0  h1_init_mt.o ABSOLUTE
    ../clib/heap2.c                          0x00000000   Number         0  fdtree.o ABSOLUTE
    ../clib/heap2.c                          0x00000000   Number         0  heap2mt.o ABSOLUTE
    ../clib/heap2.c                          0x00000000   Number         0  heap2.o ABSOLUTE
    ../clib/heapalloc.c                      0x00000000   Number         0  maybetermalloc1.o ABSOLUTE
    ../clib/heapalloc.c                      0x00000000   Number         0  maybetermalloc2.o ABSOLUTE
    ../clib/heapalloc.c                      0x00000000   Number         0  maybetermalloc2.o ABSOLUTE
    ../clib/heapalloc.c                      0x00000000   Number         0  term_alloc.o ABSOLUTE
    ../clib/heapalloc.c                      0x00000000   Number         0  hguard.o ABSOLUTE
    ../clib/heapalloc.c                      0x00000000   Number         0  heapstubs.o ABSOLUTE
    ../clib/heapalloc.c                      0x00000000   Number         0  free.o ABSOLUTE
    ../clib/heapalloc.c                      0x00000000   Number         0  malloc.o ABSOLUTE
    ../clib/heapalloc.c                      0x00000000   Number         0  init_alloc.o ABSOLUTE
    ../clib/heapalloc.c                      0x00000000   Number         0  maybetermalloc1.o ABSOLUTE
    ../clib/heapalloc.c                      0x00000000   Number         0  hrguard.o ABSOLUTE
    ../clib/heapaux.c                        0x00000000   Number         0  heapauxa.o ABSOLUTE
    ../clib/heapaux.c                        0x00000000   Number         0  heapauxi.o ABSOLUTE
    ../clib/libinit.s                        0x00000000   Number         0  libinit.o ABSOLUTE
    ../clib/libinit.s                        0x00000000   Number         0  libshutdown.o ABSOLUTE
    ../clib/libinit.s                        0x00000000   Number         0  libshutdown2.o ABSOLUTE
    ../clib/libinit.s                        0x00000000   Number         0  libinit2.o ABSOLUTE
    ../clib/memcpset.c                       0x00000000   Number         0  rt_memcpy.o ABSOLUTE
    ../clib/memcpset.c                       0x00000000   Number         0  rt_memcpy.o ABSOLUTE
    ../clib/signal.c                         0x00000000   Number         0  defsig_pvfn_inner.o ABSOLUTE
    ../clib/signal.c                         0x00000000   Number         0  defsig_exit.o ABSOLUTE
    ../clib/signal.c                         0x00000000   Number         0  defsig_rtmem_inner.o ABSOLUTE
    ../clib/signal.c                         0x00000000   Number         0  __raise.o ABSOLUTE
    ../clib/signal.c                         0x00000000   Number         0  defsig_general.o ABSOLUTE
    ../clib/signal.c                         0x00000000   Number         0  defsig_fpe_formal.o ABSOLUTE
    ../clib/signal.c                         0x00000000   Number         0  defsig_fpe_inner.o ABSOLUTE
    ../clib/signal.c                         0x00000000   Number         0  defsig_rtmem_formal.o ABSOLUTE
    ../clib/signal.c                         0x00000000   Number         0  defsig_rtmem_outer.o ABSOLUTE
    ../clib/signal.c                         0x00000000   Number         0  defsig_fpe_outer.o ABSOLUTE
    ../clib/signal.c                         0x00000000   Number         0  defsig_other.o ABSOLUTE
    ../clib/signal.c                         0x00000000   Number         0  defsig_segv_inner.o ABSOLUTE
    ../clib/signal.c                         0x00000000   Number         0  defsig_cppl_inner.o ABSOLUTE
    ../clib/signal.c                         0x00000000   Number         0  defsig_rtred_inner.o ABSOLUTE
    ../clib/signal.c                         0x00000000   Number         0  defsig_stak_inner.o ABSOLUTE
    ../clib/signal.c                         0x00000000   Number         0  defsig_abrt_inner.o ABSOLUTE
    ../clib/signal.s                         0x00000000   Number         0  defsig.o ABSOLUTE
    ../clib/stdlib.c                         0x00000000   Number         0  exit.o ABSOLUTE
    ../fplib/cfplib/fpinit.c                 0x00000000   Number         0  fpinit.o ABSOLUTE
    C:\Users\Robert\Desktop\STM32NUCLEO\STM32L011chipTest\MDK-ARM\startup_stm32l011xx.s 0x00000000   Number         0  startup_stm32l011xx.o ABSOLUTE
    C:\Users\Robert\Desktop\STM32NUCLEO\STM32L011chipTest\Src\system_stm32l0xx.c 0x00000000   Number         0  system_stm32l0xx.o ABSOLUTE
    C:\\Users\\Robert\\Desktop\\STM32NUCLEO\\STM32L011chipTest\\Src\\system_stm32l0xx.c 0x00000000   Number         0  system_stm32l0xx.o ABSOLUTE
    LCD\LCD_SPI.c                            0x00000000   Number         0  lcd_spi.o ABSOLUTE
    LCD\\LCD_SPI.c                           0x00000000   Number         0  lcd_spi.o ABSOLUTE
    SPI\SPI_STM32l011.c                      0x00000000   Number         0  spi_stm32l011.o ABSOLUTE
    SPI\\SPI_STM32l011.c                     0x00000000   Number         0  spi_stm32l011.o ABSOLUTE
    dc.s                                     0x00000000   Number         0  dc.o ABSOLUTE
    main.c                                   0x00000000   Number         0  main.o ABSOLUTE
    main.c                                   0x00000000   Number         0  main.o ABSOLUTE
    RESET                                    0x08000000   Section      192  startup_stm32l011xx.o(RESET)
    !!!main                                  0x080000c0   Section        8  __main.o(!!!main)
    !!!scatter                               0x080000c8   Section       60  __scatter.o(!!!scatter)
    !!handler_copy                           0x08000104   Section       26  __scatter_copy.o(!!handler_copy)
    !!handler_zi                             0x08000120   Section       28  __scatter_zi.o(!!handler_zi)
    .ARM.Collect$$libinit$$00000000          0x0800013c   Section        2  libinit.o(.ARM.Collect$$libinit$$00000000)
    .ARM.Collect$$libinit$$00000002          0x0800013e   Section        0  libinit2.o(.ARM.Collect$$libinit$$00000002)
    .ARM.Collect$$libinit$$00000004          0x0800013e   Section        0  libinit2.o(.ARM.Collect$$libinit$$00000004)
    .ARM.Collect$$libinit$$00000005          0x0800013e   Section        8  libinit2.o(.ARM.Collect$$libinit$$00000005)
    .ARM.Collect$$libinit$$0000000A          0x08000146   Section        0  libinit2.o(.ARM.Collect$$libinit$$0000000A)
    .ARM.Collect$$libinit$$0000000C          0x08000146   Section        0  libinit2.o(.ARM.Collect$$libinit$$0000000C)
    .ARM.Collect$$libinit$$0000000E          0x08000146   Section        0  libinit2.o(.ARM.Collect$$libinit$$0000000E)
    .ARM.Collect$$libinit$$00000011          0x08000146   Section        0  libinit2.o(.ARM.Collect$$libinit$$00000011)
    .ARM.Collect$$libinit$$00000013          0x08000146   Section        0  libinit2.o(.ARM.Collect$$libinit$$00000013)
    .ARM.Collect$$libinit$$00000015          0x08000146   Section        0  libinit2.o(.ARM.Collect$$libinit$$00000015)
    .ARM.Collect$$libinit$$00000017          0x08000146   Section        0  libinit2.o(.ARM.Collect$$libinit$$00000017)
    .ARM.Collect$$libinit$$00000019          0x08000146   Section        0  libinit2.o(.ARM.Collect$$libinit$$00000019)
    .ARM.Collect$$libinit$$0000001B          0x08000146   Section        0  libinit2.o(.ARM.Collect$$libinit$$0000001B)
    .ARM.Collect$$libinit$$0000001D          0x08000146   Section        0  libinit2.o(.ARM.Collect$$libinit$$0000001D)
    .ARM.Collect$$libinit$$0000001F          0x08000146   Section        0  libinit2.o(.ARM.Collect$$libinit$$0000001F)
    .ARM.Collect$$libinit$$00000021          0x08000146   Section        0  libinit2.o(.ARM.Collect$$libinit$$00000021)
    .ARM.Collect$$libinit$$00000023          0x08000146   Section        0  libinit2.o(.ARM.Collect$$libinit$$00000023)
    .ARM.Collect$$libinit$$00000025          0x08000146   Section        0  libinit2.o(.ARM.Collect$$libinit$$00000025)
    .ARM.Collect$$libinit$$0000002C          0x08000146   Section        0  libinit2.o(.ARM.Collect$$libinit$$0000002C)
    .ARM.Collect$$libinit$$0000002E          0x08000146   Section        0  libinit2.o(.ARM.Collect$$libinit$$0000002E)
    .ARM.Collect$$libinit$$00000030          0x08000146   Section        0  libinit2.o(.ARM.Collect$$libinit$$00000030)
    .ARM.Collect$$libinit$$00000032          0x08000146   Section        0  libinit2.o(.ARM.Collect$$libinit$$00000032)
    .ARM.Collect$$libinit$$00000033          0x08000146   Section        2  libinit2.o(.ARM.Collect$$libinit$$00000033)
    .ARM.Collect$$libshutdown$$00000000      0x08000148   Section        2  libshutdown.o(.ARM.Collect$$libshutdown$$00000000)
    .ARM.Collect$$libshutdown$$00000002      0x0800014a   Section        0  libshutdown2.o(.ARM.Collect$$libshutdown$$00000002)
    .ARM.Collect$$libshutdown$$00000004      0x0800014a   Section        0  libshutdown2.o(.ARM.Collect$$libshutdown$$00000004)
    .ARM.Collect$$libshutdown$$00000007      0x0800014a   Section        0  libshutdown2.o(.ARM.Collect$$libshutdown$$00000007)
    .ARM.Collect$$libshutdown$$0000000A      0x0800014a   Section        0  libshutdown2.o(.ARM.Collect$$libshutdown$$0000000A)
    .ARM.Collect$$libshutdown$$0000000C      0x0800014a   Section        0  libshutdown2.o(.ARM.Collect$$libshutdown$$0000000C)
    .ARM.Collect$$libshutdown$$0000000F      0x0800014a   Section        0  libshutdown2.o(.ARM.Collect$$libshutdown$$0000000F)
    .ARM.Collect$$libshutdown$$00000010      0x0800014a   Section        2  libshutdown2.o(.ARM.Collect$$libshutdown$$00000010)
    .ARM.Collect$$rtentry$$00000000          0x0800014c   Section        0  __rtentry.o(.ARM.Collect$$rtentry$$00000000)
    .ARM.Collect$$rtentry$$00000002          0x0800014c   Section        0  __rtentry2.o(.ARM.Collect$$rtentry$$00000002)
    .ARM.Collect$$rtentry$$00000004          0x0800014c   Section        6  __rtentry4.o(.ARM.Collect$$rtentry$$00000004)
    .ARM.Collect$$rtentry$$00000009          0x08000152   Section        0  __rtentry2.o(.ARM.Collect$$rtentry$$00000009)
    .ARM.Collect$$rtentry$$0000000A          0x08000152   Section        4  __rtentry2.o(.ARM.Collect$$rtentry$$0000000A)
    .ARM.Collect$$rtentry$$0000000C          0x08000156   Section        0  __rtentry2.o(.ARM.Collect$$rtentry$$0000000C)
    .ARM.Collect$$rtentry$$0000000D          0x08000156   Section        8  __rtentry2.o(.ARM.Collect$$rtentry$$0000000D)
    .ARM.Collect$$rtexit$$00000000           0x0800015e   Section        2  rtexit.o(.ARM.Collect$$rtexit$$00000000)
    .ARM.Collect$$rtexit$$00000002           0x08000160   Section        0  rtexit2.o(.ARM.Collect$$rtexit$$00000002)
    .ARM.Collect$$rtexit$$00000003           0x08000160   Section        4  rtexit2.o(.ARM.Collect$$rtexit$$00000003)
    .ARM.Collect$$rtexit$$00000004           0x08000164   Section        6  rtexit2.o(.ARM.Collect$$rtexit$$00000004)
    .emb_text                                0x0800016c   Section        0  maybetermalloc1.o(.emb_text)
    .text                                    0x0800016c   Section      116  startup_stm32l011xx.o(.text)
    .text                                    0x080001e0   Section        0  h1_alloc.o(.text)
    .text                                    0x08000242   Section        0  h1_free.o(.text)
    .text                                    0x0800028e   Section        0  heapauxi.o(.text)
    .text                                    0x08000294   Section        8  rt_heap_descriptor_intlibspace.o(.text)
    .text                                    0x0800029c   Section        0  hguard.o(.text)
    .text                                    0x080002a0   Section        0  init_alloc.o(.text)
    .text                                    0x08000328   Section        0  h1_init.o(.text)
    .text                                    0x08000338   Section        8  libspace.o(.text)
    .text                                    0x08000340   Section        0  h1_extend.o(.text)
    .text                                    0x08000374   Section        0  defsig_rtmem_outer.o(.text)
    .text                                    0x08000380   Section        2  use_no_semi.o(.text)
    .text                                    0x08000382   Section       62  sys_stackheap_outer.o(.text)
    .text                                    0x08000382   Section        0  indicate_semi.o(.text)
    .text                                    0x080003c0   Section        0  exit.o(.text)
    .text                                    0x080003d0   Section        0  defsig_exit.o(.text)
    .text                                    0x080003dc   Section        0  defsig_rtmem_inner.o(.text)
    .text                                    0x0800042c   Section        0  sys_exit.o(.text)
    .text                                    0x08000438   Section        0  defsig_general.o(.text)
    .text                                    0x0800046c   Section        0  sys_wrch.o(.text)
    i.DMA1_Channel2_3_IRQHandler             0x08000478   Section        0  lcd_spi.o(i.DMA1_Channel2_3_IRQHandler)
    i.DMA_Enable                             0x080004cc   Section        0  spi_stm32l011.o(i.DMA_Enable)
    i.GPIOA_Enable                           0x08000538   Section        0  main.o(i.GPIOA_Enable)
    i.LCD_Delay                              0x080005ac   Section        0  lcd_spi.o(i.LCD_Delay)
    i.SPI_Enable                             0x080005b8   Section        0  spi_stm32l011.o(i.SPI_Enable)
    i.SPI_Send                               0x08000620   Section        0  spi_stm32l011.o(i.SPI_Send)
    i.SPI_Transmit                           0x08000638   Section        0  spi_stm32l011.o(i.SPI_Transmit)
    i.SystemInit                             0x08000654   Section        0  system_stm32l0xx.o(i.SystemInit)
    i.__NVIC_SetPriority                     0x080006bc   Section        0  spi_stm32l011.o(i.__NVIC_SetPriority)
    __NVIC_SetPriority                       0x080006bd   Thumb Code   110  spi_stm32l011.o(i.__NVIC_SetPriority)
    i.clearChar                              0x08000734   Section        0  lcd_spi.o(i.clearChar)
    i.delay                                  0x080007f0   Section        0  main.o(i.delay)
    i.drawChar                               0x080007fc   Section        0  lcd_spi.o(i.drawChar)
    i.drawPixel                              0x08000aa0   Section        0  lcd_spi.o(i.drawPixel)
    i.drawString                             0x08000af6   Section        0  lcd_spi.o(i.drawString)
    i.fillRect                               0x08000b0c   Section        0  lcd_spi.o(i.fillRect)
    i.init_lcd                               0x08000bc0   Section        0  lcd_spi.o(i.init_lcd)
    i.main                                   0x08000e38   Section        0  main.o(i.main)
    i.moveCursor                             0x08000fb0   Section        0  lcd_spi.o(i.moveCursor)
    i.reverseBits                            0x08000fcc   Section        0  lcd_spi.o(i.reverseBits)
    i.setAddrWindow                          0x08000ff8   Section        0  lcd_spi.o(i.setAddrWindow)
    i.writecommand                           0x08001046   Section        0  lcd_spi.o(i.writecommand)
    i.writedata                              0x08001084   Section        0  lcd_spi.o(i.writedata)
    .constdata                               0x080010c2   Section     7836  lcd_spi.o(.constdata)
    .data                                    0x20000000   Section       12  lcd_spi.o(.data)
    .bss                                     0x2000000c   Section       96  libspace.o(.bss)
    HEAP                                     0x20000070   Section      512  startup_stm32l011xx.o(HEAP)
    Heap_Mem                                 0x20000070   Data         512  startup_stm32l011xx.o(HEAP)
    STACK                                    0x20000270   Section     1024  startup_stm32l011xx.o(STACK)
    Stack_Mem                                0x20000270   Data        1024  startup_stm32l011xx.o(STACK)
    __initial_sp                             0x20000670   Data           0  startup_stm32l011xx.o(STACK)

    Global Symbols

    Symbol Name                              Value     Ov Type        Size  Object(Section)

    BuildAttributes$$THM_ISAv3M$S$PE$A:L22$X:L11$S22$IEEE1$IW$USESV6$~STKCKD$USESV7$~SHL$OTIME$ROPI$EBA8$UX$STANDARDLIB$REQ8$PRES8$EABIv2 0x00000000   Number         0  anon$$obj.o ABSOLUTE
    __ARM_use_no_argv                        0x00000000   Number         0  main.o ABSOLUTE
    __ARM_exceptions_init                     - Undefined Weak Reference
    __alloca_initialize                       - Undefined Weak Reference
    __arm_preinit_                            - Undefined Weak Reference
    __cpp_initialize__aeabi_                  - Undefined Weak Reference
    __cxa_finalize                            - Undefined Weak Reference
    __rt_locale                               - Undefined Weak Reference
    __sigvec_lookup                           - Undefined Weak Reference
    __user_heap_extent                        - Undefined Weak Reference
    _atexit_init                              - Undefined Weak Reference
    _call_atexit_fns                          - Undefined Weak Reference
    _clock_init                               - Undefined Weak Reference
    _fp_trap_init                             - Undefined Weak Reference
    _fp_trap_shutdown                         - Undefined Weak Reference
    _get_lc_collate                           - Undefined Weak Reference
    _get_lc_ctype                             - Undefined Weak Reference
    _get_lc_monetary                          - Undefined Weak Reference
    _get_lc_numeric                           - Undefined Weak Reference
    _get_lc_time                              - Undefined Weak Reference
    _getenv_init                              - Undefined Weak Reference
    _handle_redirection                       - Undefined Weak Reference
    _initio                                   - Undefined Weak Reference
    _mutex_acquire                            - Undefined Weak Reference
    _mutex_free                               - Undefined Weak Reference
    _mutex_release                            - Undefined Weak Reference
    _rand_init                                - Undefined Weak Reference
    _signal_finish                            - Undefined Weak Reference
    _signal_init                              - Undefined Weak Reference
    _terminateio                              - Undefined Weak Reference
    __Vectors_Size                           0x000000c0   Number         0  startup_stm32l011xx.o ABSOLUTE
    __Vectors                                0x08000000   Data           4  startup_stm32l011xx.o(RESET)
    __Vectors_End                            0x080000c0   Data           0  startup_stm32l011xx.o(RESET)
    __main                                   0x080000c1   Thumb Code     8  __main.o(!!!main)
    __scatterload                            0x080000c9   Thumb Code     0  __scatter.o(!!!scatter)
    __scatterload_rt2                        0x080000c9   Thumb Code    52  __scatter.o(!!!scatter)
    __scatterload_rt2_thumb_only             0x080000c9   Thumb Code     0  __scatter.o(!!!scatter)
    __scatterload_null                       0x080000d9   Thumb Code     0  __scatter.o(!!!scatter)
    __scatterload_copy                       0x08000105   Thumb Code    26  __scatter_copy.o(!!handler_copy)
    __scatterload_zeroinit                   0x08000121   Thumb Code    28  __scatter_zi.o(!!handler_zi)
    __rt_lib_init                            0x0800013d   Thumb Code     0  libinit.o(.ARM.Collect$$libinit$$00000000)
    __rt_lib_init_fp_1                       0x0800013f   Thumb Code     0  libinit2.o(.ARM.Collect$$libinit$$00000002)
    __rt_lib_init_heap_2                     0x0800013f   Thumb Code     0  libinit2.o(.ARM.Collect$$libinit$$00000005)
    __rt_lib_init_preinit_1                  0x0800013f   Thumb Code     0  libinit2.o(.ARM.Collect$$libinit$$00000004)
    __rt_lib_init_alloca_1                   0x08000147   Thumb Code     0  libinit2.o(.ARM.Collect$$libinit$$0000002E)
    __rt_lib_init_argv_1                     0x08000147   Thumb Code     0  libinit2.o(.ARM.Collect$$libinit$$0000002C)
    __rt_lib_init_atexit_1                   0x08000147   Thumb Code     0  libinit2.o(.ARM.Collect$$libinit$$0000001B)
    __rt_lib_init_clock_1                    0x08000147   Thumb Code     0  libinit2.o(.ARM.Collect$$libinit$$00000021)
    __rt_lib_init_cpp_1                      0x08000147   Thumb Code     0  libinit2.o(.ARM.Collect$$libinit$$00000032)
    __rt_lib_init_exceptions_1               0x08000147   Thumb Code     0  libinit2.o(.ARM.Collect$$libinit$$00000030)
    __rt_lib_init_fp_trap_1                  0x08000147   Thumb Code     0  libinit2.o(.ARM.Collect$$libinit$$0000001F)
    __rt_lib_init_getenv_1                   0x08000147   Thumb Code     0  libinit2.o(.ARM.Collect$$libinit$$00000023)
    __rt_lib_init_heap_1                     0x08000147   Thumb Code     0  libinit2.o(.ARM.Collect$$libinit$$0000000A)
    __rt_lib_init_lc_collate_1               0x08000147   Thumb Code     0  libinit2.o(.ARM.Collect$$libinit$$00000011)
    __rt_lib_init_lc_ctype_1                 0x08000147   Thumb Code     0  libinit2.o(.ARM.Collect$$libinit$$00000013)
    __rt_lib_init_lc_monetary_1              0x08000147   Thumb Code     0  libinit2.o(.ARM.Collect$$libinit$$00000015)
    __rt_lib_init_lc_numeric_1               0x08000147   Thumb Code     0  libinit2.o(.ARM.Collect$$libinit$$00000017)
    __rt_lib_init_lc_time_1                  0x08000147   Thumb Code     0  libinit2.o(.ARM.Collect$$libinit$$00000019)
    __rt_lib_init_rand_1                     0x08000147   Thumb Code     0  libinit2.o(.ARM.Collect$$libinit$$0000000E)
    __rt_lib_init_return                     0x08000147   Thumb Code     0  libinit2.o(.ARM.Collect$$libinit$$00000033)
    __rt_lib_init_signal_1                   0x08000147   Thumb Code     0  libinit2.o(.ARM.Collect$$libinit$$0000001D)
    __rt_lib_init_stdio_1                    0x08000147   Thumb Code     0  libinit2.o(.ARM.Collect$$libinit$$00000025)
    __rt_lib_init_user_alloc_1               0x08000147   Thumb Code     0  libinit2.o(.ARM.Collect$$libinit$$0000000C)
    __rt_lib_shutdown                        0x08000149   Thumb Code     0  libshutdown.o(.ARM.Collect$$libshutdown$$00000000)
    __rt_lib_shutdown_cpp_1                  0x0800014b   Thumb Code     0  libshutdown2.o(.ARM.Collect$$libshutdown$$00000002)
    __rt_lib_shutdown_fp_trap_1              0x0800014b   Thumb Code     0  libshutdown2.o(.ARM.Collect$$libshutdown$$00000007)
    __rt_lib_shutdown_heap_1                 0x0800014b   Thumb Code     0  libshutdown2.o(.ARM.Collect$$libshutdown$$0000000F)
    __rt_lib_shutdown_return                 0x0800014b   Thumb Code     0  libshutdown2.o(.ARM.Collect$$libshutdown$$00000010)
    __rt_lib_shutdown_signal_1               0x0800014b   Thumb Code     0  libshutdown2.o(.ARM.Collect$$libshutdown$$0000000A)
    __rt_lib_shutdown_stdio_1                0x0800014b   Thumb Code     0  libshutdown2.o(.ARM.Collect$$libshutdown$$00000004)
    __rt_lib_shutdown_user_alloc_1           0x0800014b   Thumb Code     0  libshutdown2.o(.ARM.Collect$$libshutdown$$0000000C)
    __rt_entry                               0x0800014d   Thumb Code     0  __rtentry.o(.ARM.Collect$$rtentry$$00000000)
    __rt_entry_presh_1                       0x0800014d   Thumb Code     0  __rtentry2.o(.ARM.Collect$$rtentry$$00000002)
    __rt_entry_sh                            0x0800014d   Thumb Code     0  __rtentry4.o(.ARM.Collect$$rtentry$$00000004)
    __rt_entry_li                            0x08000153   Thumb Code     0  __rtentry2.o(.ARM.Collect$$rtentry$$0000000A)
    __rt_entry_postsh_1                      0x08000153   Thumb Code     0  __rtentry2.o(.ARM.Collect$$rtentry$$00000009)
    __rt_entry_main                          0x08000157   Thumb Code     0  __rtentry2.o(.ARM.Collect$$rtentry$$0000000D)
    __rt_entry_postli_1                      0x08000157   Thumb Code     0  __rtentry2.o(.ARM.Collect$$rtentry$$0000000C)
    __rt_exit                                0x0800015f   Thumb Code     0  rtexit.o(.ARM.Collect$$rtexit$$00000000)
    __rt_exit_ls                             0x08000161   Thumb Code     0  rtexit2.o(.ARM.Collect$$rtexit$$00000003)
    __rt_exit_prels_1                        0x08000161   Thumb Code     0  rtexit2.o(.ARM.Collect$$rtexit$$00000002)
    __rt_exit_exit                           0x08000165   Thumb Code     0  rtexit2.o(.ARM.Collect$$rtexit$$00000004)
    Reset_Handler                            0x0800016d   Thumb Code    38  startup_stm32l011xx.o(.text)
    _maybe_terminate_alloc                   0x0800016d   Thumb Code     0  maybetermalloc1.o(.emb_text)
    NMI_Handler                              0x08000193   Thumb Code     2  startup_stm32l011xx.o(.text)
    HardFault_Handler                        0x08000195   Thumb Code     2  startup_stm32l011xx.o(.text)
    SVC_Handler                              0x08000197   Thumb Code     2  startup_stm32l011xx.o(.text)
    PendSV_Handler                           0x08000199   Thumb Code     2  startup_stm32l011xx.o(.text)
    SysTick_Handler                          0x0800019b   Thumb Code     2  startup_stm32l011xx.o(.text)
    ADC1_COMP_IRQHandler                     0x0800019d   Thumb Code     0  startup_stm32l011xx.o(.text)
    DMA1_Channel1_IRQHandler                 0x0800019d   Thumb Code     0  startup_stm32l011xx.o(.text)
    DMA1_Channel4_5_IRQHandler               0x0800019d   Thumb Code     0  startup_stm32l011xx.o(.text)
    EXTI0_1_IRQHandler                       0x0800019d   Thumb Code     0  startup_stm32l011xx.o(.text)
    EXTI2_3_IRQHandler                       0x0800019d   Thumb Code     0  startup_stm32l011xx.o(.text)
    EXTI4_15_IRQHandler                      0x0800019d   Thumb Code     0  startup_stm32l011xx.o(.text)
    FLASH_IRQHandler                         0x0800019d   Thumb Code     0  startup_stm32l011xx.o(.text)
    I2C1_IRQHandler                          0x0800019d   Thumb Code     0  startup_stm32l011xx.o(.text)
    LPTIM1_IRQHandler                        0x0800019d   Thumb Code     0  startup_stm32l011xx.o(.text)
    LPUART1_IRQHandler                       0x0800019d   Thumb Code     0  startup_stm32l011xx.o(.text)
    PVD_IRQHandler                           0x0800019d   Thumb Code     0  startup_stm32l011xx.o(.text)
    RCC_IRQHandler                           0x0800019d   Thumb Code     0  startup_stm32l011xx.o(.text)
    RTC_IRQHandler                           0x0800019d   Thumb Code     0  startup_stm32l011xx.o(.text)
    SPI1_IRQHandler                          0x0800019d   Thumb Code     0  startup_stm32l011xx.o(.text)
    TIM21_IRQHandler                         0x0800019d   Thumb Code     0  startup_stm32l011xx.o(.text)
    TIM2_IRQHandler                          0x0800019d   Thumb Code     0  startup_stm32l011xx.o(.text)
    USART2_IRQHandler                        0x0800019d   Thumb Code     0  startup_stm32l011xx.o(.text)
    WWDG_IRQHandler                          0x0800019d   Thumb Code     0  startup_stm32l011xx.o(.text)
    __user_initial_stackheap                 0x080001a1   Thumb Code     0  startup_stm32l011xx.o(.text)
    malloc                                   0x080001e1   Thumb Code    98  h1_alloc.o(.text)
    free                                     0x08000243   Thumb Code    76  h1_free.o(.text)
    __use_two_region_memory                  0x0800028f   Thumb Code     2  heapauxi.o(.text)
    __rt_heap_escrow                         0x08000291   Thumb Code     2  heapauxi.o(.text)
    __rt_heap_expand                         0x08000293   Thumb Code     2  heapauxi.o(.text)
    __rt_heap_descriptor                     0x08000295   Thumb Code     8  rt_heap_descriptor_intlibspace.o(.text)
    __use_no_heap                            0x0800029d   Thumb Code     2  hguard.o(.text)
    __heap$guard                             0x0800029f   Thumb Code     2  hguard.o(.text)
    _terminate_user_alloc                    0x080002a1   Thumb Code     2  init_alloc.o(.text)
    _init_user_alloc                         0x080002a3   Thumb Code     2  init_alloc.o(.text)
    __Heap_Full                              0x080002a5   Thumb Code    32  init_alloc.o(.text)
    __Heap_Broken                            0x080002c5   Thumb Code    10  init_alloc.o(.text)
    _init_alloc                              0x080002cf   Thumb Code    90  init_alloc.o(.text)
    __Heap_Initialize                        0x08000329   Thumb Code    10  h1_init.o(.text)
    __Heap_DescSize                          0x08000333   Thumb Code     4  h1_init.o(.text)
    __user_libspace                          0x08000339   Thumb Code     8  libspace.o(.text)
    __user_perproc_libspace                  0x08000339   Thumb Code     0  libspace.o(.text)
    __user_perthread_libspace                0x08000339   Thumb Code     0  libspace.o(.text)
    __Heap_ProvideMemory                     0x08000341   Thumb Code    52  h1_extend.o(.text)
    __rt_SIGRTMEM                            0x08000375   Thumb Code    12  defsig_rtmem_outer.o(.text)
    __I$use$semihosting                      0x08000381   Thumb Code     0  use_no_semi.o(.text)
    __use_no_semihosting_swi                 0x08000381   Thumb Code     2  use_no_semi.o(.text)
    __semihosting_library_function           0x08000383   Thumb Code     0  indicate_semi.o(.text)
    __user_setup_stackheap                   0x08000383   Thumb Code    62  sys_stackheap_outer.o(.text)
    exit                                     0x080003c1   Thumb Code    16  exit.o(.text)
    __sig_exit                               0x080003d1   Thumb Code    12  defsig_exit.o(.text)
    __rt_SIGRTMEM_inner                      0x080003dd   Thumb Code    22  defsig_rtmem_inner.o(.text)
    _sys_exit                                0x0800042d   Thumb Code     8  sys_exit.o(.text)
    __default_signal_display                 0x08000439   Thumb Code    52  defsig_general.o(.text)
    _ttywrch                                 0x0800046d   Thumb Code    12  sys_wrch.o(.text)
    DMA1_Channel2_3_IRQHandler               0x08000479   Thumb Code    72  lcd_spi.o(i.DMA1_Channel2_3_IRQHandler)
    DMA_Enable                               0x080004cd   Thumb Code    90  spi_stm32l011.o(i.DMA_Enable)
    GPIOA_Enable                             0x08000539   Thumb Code   102  main.o(i.GPIOA_Enable)
    LCD_Delay                                0x080005ad   Thumb Code    10  lcd_spi.o(i.LCD_Delay)
    SPI_Enable                               0x080005b9   Thumb Code    90  spi_stm32l011.o(i.SPI_Enable)
    SPI_Send                                 0x08000621   Thumb Code    20  spi_stm32l011.o(i.SPI_Send)
    SPI_Transmit                             0x08000639   Thumb Code    28  spi_stm32l011.o(i.SPI_Transmit)
    SystemInit                               0x08000655   Thumb Code    88  system_stm32l0xx.o(i.SystemInit)
    clearChar                                0x08000735   Thumb Code   170  lcd_spi.o(i.clearChar)
    delay                                    0x080007f1   Thumb Code    10  main.o(i.delay)
    drawChar                                 0x080007fd   Thumb Code   662  lcd_spi.o(i.drawChar)
    drawPixel                                0x08000aa1   Thumb Code    86  lcd_spi.o(i.drawPixel)
    drawString                               0x08000af7   Thumb Code    22  lcd_spi.o(i.drawString)
    fillRect                                 0x08000b0d   Thumb Code   168  lcd_spi.o(i.fillRect)
    init_lcd                                 0x08000bc1   Thumb Code   622  lcd_spi.o(i.init_lcd)
    main                                     0x08000e39   Thumb Code   228  main.o(i.main)
    moveCursor                               0x08000fb1   Thumb Code    24  lcd_spi.o(i.moveCursor)
    reverseBits                              0x08000fcd   Thumb Code    44  lcd_spi.o(i.reverseBits)
    setAddrWindow                            0x08000ff9   Thumb Code    78  lcd_spi.o(i.setAddrWindow)
    writecommand                             0x08001047   Thumb Code    62  lcd_spi.o(i.writecommand)
    writedata                                0x08001085   Thumb Code    62  lcd_spi.o(i.writedata)
    Verdana22x21                             0x080010c2   Data        7266  lcd_spi.o(.constdata)
    verdana_descriptors                      0x08002d24   Data         570  lcd_spi.o(.constdata)
    Region$$Table$$Base                      0x08002f60   Number         0  anon$$obj.o(Region$$Table)
    Region$$Table$$Limit                     0x08002f80   Number         0  anon$$obj.o(Region$$Table)
    fill_screen                              0x20000000   Data           2  lcd_spi.o(.data)
    current_color                            0x20000002   Data           2  lcd_spi.o(.data)
    LCD                                      0x20000004   Data           8  lcd_spi.o(.data)
    __libspace_start                         0x2000000c   Data          96  libspace.o(.bss)
    __temporary_stack_top$libspace           0x2000006c   Data           0  libspace.o(.bss)



==============================================================================

Memory Map of the image

  Image Entry point : 0x080000c1

  Load Region LR_IROM1 (Base: 0x08000000, Size: 0x00002f8c, Max: 0x00004000, ABSOLUTE)

    Execution Region ER_IROM1 (Exec base: 0x08000000, Load base: 0x08000000, Size: 0x00002f80, Max: 0x00004000, ABSOLUTE)

    Exec Addr    Load Addr    Size         Type   Attr      Idx    E Section Name        Object

    0x08000000   0x08000000   0x000000c0   Data   RO          102    RESET               startup_stm32l011xx.o
    0x080000c0   0x080000c0   0x00000008   Code   RO          328  * !!!main             c_p.l(__main.o)
    0x080000c8   0x080000c8   0x0000003c   Code   RO          545    !!!scatter          c_p.l(__scatter.o)
    0x08000104   0x08000104   0x0000001a   Code   RO          547    !!handler_copy      c_p.l(__scatter_copy.o)
    0x0800011e   0x0800011e   0x00000002   PAD
    0x08000120   0x08000120   0x0000001c   Code   RO          549    !!handler_zi        c_p.l(__scatter_zi.o)
    0x0800013c   0x0800013c   0x00000002   Code   RO          483    .ARM.Collect$$libinit$$00000000  c_p.l(libinit.o)
    0x0800013e   0x0800013e   0x00000000   Code   RO          369    .ARM.Collect$$libinit$$00000002  c_p.l(libinit2.o)
    0x0800013e   0x0800013e   0x00000000   Code   RO          371    .ARM.Collect$$libinit$$00000004  c_p.l(libinit2.o)
    0x0800013e   0x0800013e   0x00000008   Code   RO          372    .ARM.Collect$$libinit$$00000005  c_p.l(libinit2.o)
    0x08000146   0x08000146   0x00000000   Code   RO          374    .ARM.Collect$$libinit$$0000000A  c_p.l(libinit2.o)
    0x08000146   0x08000146   0x00000000   Code   RO          376    .ARM.Collect$$libinit$$0000000C  c_p.l(libinit2.o)
    0x08000146   0x08000146   0x00000000   Code   RO          378    .ARM.Collect$$libinit$$0000000E  c_p.l(libinit2.o)
    0x08000146   0x08000146   0x00000000   Code   RO          381    .ARM.Collect$$libinit$$00000011  c_p.l(libinit2.o)
    0x08000146   0x08000146   0x00000000   Code   RO          383    .ARM.Collect$$libinit$$00000013  c_p.l(libinit2.o)
    0x08000146   0x08000146   0x00000000   Code   RO          385    .ARM.Collect$$libinit$$00000015  c_p.l(libinit2.o)
    0x08000146   0x08000146   0x00000000   Code   RO          387    .ARM.Collect$$libinit$$00000017  c_p.l(libinit2.o)
    0x08000146   0x08000146   0x00000000   Code   RO          389    .ARM.Collect$$libinit$$00000019  c_p.l(libinit2.o)
    0x08000146   0x08000146   0x00000000   Code   RO          391    .ARM.Collect$$libinit$$0000001B  c_p.l(libinit2.o)
    0x08000146   0x08000146   0x00000000   Code   RO          393    .ARM.Collect$$libinit$$0000001D  c_p.l(libinit2.o)
    0x08000146   0x08000146   0x00000000   Code   RO          395    .ARM.Collect$$libinit$$0000001F  c_p.l(libinit2.o)
    0x08000146   0x08000146   0x00000000   Code   RO          397    .ARM.Collect$$libinit$$00000021  c_p.l(libinit2.o)
    0x08000146   0x08000146   0x00000000   Code   RO          399    .ARM.Collect$$libinit$$00000023  c_p.l(libinit2.o)
    0x08000146   0x08000146   0x00000000   Code   RO          401    .ARM.Collect$$libinit$$00000025  c_p.l(libinit2.o)
    0x08000146   0x08000146   0x00000000   Code   RO          405    .ARM.Collect$$libinit$$0000002C  c_p.l(libinit2.o)
    0x08000146   0x08000146   0x00000000   Code   RO          407    .ARM.Collect$$libinit$$0000002E  c_p.l(libinit2.o)
    0x08000146   0x08000146   0x00000000   Code   RO          409    .ARM.Collect$$libinit$$00000030  c_p.l(libinit2.o)
    0x08000146   0x08000146   0x00000000   Code   RO          411    .ARM.Collect$$libinit$$00000032  c_p.l(libinit2.o)
    0x08000146   0x08000146   0x00000002   Code   RO          412    .ARM.Collect$$libinit$$00000033  c_p.l(libinit2.o)
    0x08000148   0x08000148   0x00000002   Code   RO          542    .ARM.Collect$$libshutdown$$00000000  c_p.l(libshutdown.o)
    0x0800014a   0x0800014a   0x00000000   Code   RO          500    .ARM.Collect$$libshutdown$$00000002  c_p.l(libshutdown2.o)
    0x0800014a   0x0800014a   0x00000000   Code   RO          502    .ARM.Collect$$libshutdown$$00000004  c_p.l(libshutdown2.o)
    0x0800014a   0x0800014a   0x00000000   Code   RO          505    .ARM.Collect$$libshutdown$$00000007  c_p.l(libshutdown2.o)
    0x0800014a   0x0800014a   0x00000000   Code   RO          508    .ARM.Collect$$libshutdown$$0000000A  c_p.l(libshutdown2.o)
    0x0800014a   0x0800014a   0x00000000   Code   RO          510    .ARM.Collect$$libshutdown$$0000000C  c_p.l(libshutdown2.o)
    0x0800014a   0x0800014a   0x00000000   Code   RO          513    .ARM.Collect$$libshutdown$$0000000F  c_p.l(libshutdown2.o)
    0x0800014a   0x0800014a   0x00000002   Code   RO          514    .ARM.Collect$$libshutdown$$00000010  c_p.l(libshutdown2.o)
    0x0800014c   0x0800014c   0x00000000   Code   RO          332    .ARM.Collect$$rtentry$$00000000  c_p.l(__rtentry.o)
    0x0800014c   0x0800014c   0x00000000   Code   RO          419    .ARM.Collect$$rtentry$$00000002  c_p.l(__rtentry2.o)
    0x0800014c   0x0800014c   0x00000006   Code   RO          431    .ARM.Collect$$rtentry$$00000004  c_p.l(__rtentry4.o)
    0x08000152   0x08000152   0x00000000   Code   RO          421    .ARM.Collect$$rtentry$$00000009  c_p.l(__rtentry2.o)
    0x08000152   0x08000152   0x00000004   Code   RO          422    .ARM.Collect$$rtentry$$0000000A  c_p.l(__rtentry2.o)
    0x08000156   0x08000156   0x00000000   Code   RO          424    .ARM.Collect$$rtentry$$0000000C  c_p.l(__rtentry2.o)
    0x08000156   0x08000156   0x00000008   Code   RO          425    .ARM.Collect$$rtentry$$0000000D  c_p.l(__rtentry2.o)
    0x0800015e   0x0800015e   0x00000002   Code   RO          487    .ARM.Collect$$rtexit$$00000000  c_p.l(rtexit.o)
    0x08000160   0x08000160   0x00000000   Code   RO          518    .ARM.Collect$$rtexit$$00000002  c_p.l(rtexit2.o)
    0x08000160   0x08000160   0x00000004   Code   RO          519    .ARM.Collect$$rtexit$$00000003  c_p.l(rtexit2.o)
    0x08000164   0x08000164   0x00000006   Code   RO          520    .ARM.Collect$$rtexit$$00000004  c_p.l(rtexit2.o)
    0x0800016a   0x0800016a   0x00000002   PAD
    0x0800016c   0x0800016c   0x00000000   Code   RO          437    .emb_text           c_p.l(maybetermalloc1.o)
    0x0800016c   0x0800016c   0x00000074   Code   RO          103    .text               startup_stm32l011xx.o
    0x080001e0   0x080001e0   0x00000062   Code   RO          264    .text               c_p.l(h1_alloc.o)
    0x08000242   0x08000242   0x0000004c   Code   RO          266    .text               c_p.l(h1_free.o)
    0x0800028e   0x0800028e   0x00000006   Code   RO          326    .text               c_p.l(heapauxi.o)
    0x08000294   0x08000294   0x00000008   Code   RO          340    .text               c_p.l(rt_heap_descriptor_intlibspace.o)
    0x0800029c   0x0800029c   0x00000004   Code   RO          342    .text               c_p.l(hguard.o)
    0x080002a0   0x080002a0   0x00000088   Code   RO          344    .text               c_p.l(init_alloc.o)
    0x08000328   0x08000328   0x0000000e   Code   RO          348    .text               c_p.l(h1_init.o)
    0x08000336   0x08000336   0x00000002   PAD
    0x08000338   0x08000338   0x00000008   Code   RO          415    .text               c_p.l(libspace.o)
    0x08000340   0x08000340   0x00000034   Code   RO          439    .text               c_p.l(h1_extend.o)
    0x08000374   0x08000374   0x0000000c   Code   RO          443    .text               c_p.l(defsig_rtmem_outer.o)
    0x08000380   0x08000380   0x00000002   Code   RO          454    .text               c_p.l(use_no_semi.o)
    0x08000382   0x08000382   0x00000000   Code   RO          456    .text               c_p.l(indicate_semi.o)
    0x08000382   0x08000382   0x0000003e   Code   RO          457    .text               c_p.l(sys_stackheap_outer.o)
    0x080003c0   0x080003c0   0x00000010   Code   RO          464    .text               c_p.l(exit.o)
    0x080003d0   0x080003d0   0x0000000c   Code   RO          466    .text               c_p.l(defsig_exit.o)
    0x080003dc   0x080003dc   0x00000050   Code   RO          472    .text               c_p.l(defsig_rtmem_inner.o)
    0x0800042c   0x0800042c   0x0000000c   Code   RO          484    .text               c_p.l(sys_exit.o)
    0x08000438   0x08000438   0x00000034   Code   RO          495    .text               c_p.l(defsig_general.o)
    0x0800046c   0x0800046c   0x0000000c   Code   RO          515    .text               c_p.l(sys_wrch.o)
    0x08000478   0x08000478   0x00000054   Code   RO          158    i.DMA1_Channel2_3_IRQHandler  lcd_spi.o
    0x080004cc   0x080004cc   0x0000006c   Code   RO          109    i.DMA_Enable        spi_stm32l011.o
    0x08000538   0x08000538   0x00000074   Code   RO            3    i.GPIOA_Enable      main.o
    0x080005ac   0x080005ac   0x0000000a   Code   RO          159    i.LCD_Delay         lcd_spi.o
    0x080005b6   0x080005b6   0x00000002   PAD
    0x080005b8   0x080005b8   0x00000068   Code   RO          110    i.SPI_Enable        spi_stm32l011.o
    0x08000620   0x08000620   0x00000018   Code   RO          111    i.SPI_Send          spi_stm32l011.o
    0x08000638   0x08000638   0x0000001c   Code   RO          112    i.SPI_Transmit      spi_stm32l011.o
    0x08000654   0x08000654   0x00000068   Code   RO           70    i.SystemInit        system_stm32l0xx.o
    0x080006bc   0x080006bc   0x00000078   Code   RO          113    i.__NVIC_SetPriority  spi_stm32l011.o
    0x08000734   0x08000734   0x000000bc   Code   RO          160    i.clearChar         lcd_spi.o
    0x080007f0   0x080007f0   0x0000000a   Code   RO            4    i.delay             main.o
    0x080007fa   0x080007fa   0x00000002   PAD
    0x080007fc   0x080007fc   0x000002a4   Code   RO          161    i.drawChar          lcd_spi.o
    0x08000aa0   0x08000aa0   0x00000056   Code   RO          162    i.drawPixel         lcd_spi.o
    0x08000af6   0x08000af6   0x00000016   Code   RO          163    i.drawString        lcd_spi.o
    0x08000b0c   0x08000b0c   0x000000b4   Code   RO          164    i.fillRect          lcd_spi.o
    0x08000bc0   0x08000bc0   0x00000278   Code   RO          165    i.init_lcd          lcd_spi.o
    0x08000e38   0x08000e38   0x00000178   Code   RO            5    i.main              main.o
    0x08000fb0   0x08000fb0   0x0000001c   Code   RO          166    i.moveCursor        lcd_spi.o
    0x08000fcc   0x08000fcc   0x0000002c   Code   RO          167    i.reverseBits       lcd_spi.o
    0x08000ff8   0x08000ff8   0x0000004e   Code   RO          168    i.setAddrWindow     lcd_spi.o
    0x08001046   0x08001046   0x0000003e   Code   RO          169    i.writecommand      lcd_spi.o
    0x08001084   0x08001084   0x0000003e   Code   RO          170    i.writedata         lcd_spi.o
    0x080010c2   0x080010c2   0x00001e9c   Data   RO          171    .constdata          lcd_spi.o
    0x08002f5e   0x08002f5e   0x00000002   PAD
    0x08002f60   0x08002f60   0x00000020   Data   RO          543    Region$$Table       anon$$obj.o


    Execution Region RW_IRAM1 (Exec base: 0x20000000, Load base: 0x08002f80, Size: 0x00000670, Max: 0x00000800, ABSOLUTE)

    Exec Addr    Load Addr    Size         Type   Attr      Idx    E Section Name        Object

    0x20000000   0x08002f80   0x0000000c   Data   RW          172    .data               lcd_spi.o
    0x2000000c        -       0x00000060   Zero   RW          416    .bss                c_p.l(libspace.o)
    0x2000006c   0x08002f8c   0x00000004   PAD
    0x20000070        -       0x00000200   Zero   RW          101    HEAP                startup_stm32l011xx.o
    0x20000270        -       0x00000400   Zero   RW          100    STACK               startup_stm32l011xx.o


==============================================================================

Image component sizes


      Code (inc. data)   RO Data    RW Data    ZI Data      Debug   Object Name

      2152         70       7836         12          0       9022   lcd_spi.o
       502        162          0          0          0     197978   main.o
       384         46          0          0          0      10896   spi_stm32l011.o
       116         56        192          0       1536        740   startup_stm32l011xx.o
       104         16          0          0          0        485   system_stm32l0xx.o

    ----------------------------------------------------------------------
      3262        350       8062         12       1536     219121   Object Totals
         0          0         32          0          0          0   (incl. Generated)
         4          0          2          0          0          0   (incl. Padding)

    ----------------------------------------------------------------------

      Code (inc. data)   RO Data    RW Data    ZI Data      Debug   Library Member Name

         8          0          0          0          0         68   __main.o
         0          0          0          0          0          0   __rtentry.o
        12          0          0          0          0          0   __rtentry2.o
         6          0          0          0          0          0   __rtentry4.o
        60          8          0          0          0          0   __scatter.o
        26          0          0          0          0          0   __scatter_copy.o
        28          0          0          0          0          0   __scatter_zi.o
        12          0          0          0          0         68   defsig_exit.o
        52          0          0          0          0         72   defsig_general.o
        80         58          0          0          0         68   defsig_rtmem_inner.o
        12          0          0          0          0         68   defsig_rtmem_outer.o
        16          0          0          0          0         68   exit.o
        98          0          0          0          0         72   h1_alloc.o
        52          0          0          0          0         68   h1_extend.o
        76          0          0          0          0         72   h1_free.o
        14          0          0          0          0         76   h1_init.o
         6          0          0          0          0        136   heapauxi.o
         4          0          0          0          0        120   hguard.o
         0          0          0          0          0          0   indicate_semi.o
       136          0          0          0          0        160   init_alloc.o
         2          0          0          0          0          0   libinit.o
        10          0          0          0          0          0   libinit2.o
         2          0          0          0          0          0   libshutdown.o
         2          0          0          0          0          0   libshutdown2.o
         8          4          0          0         96         68   libspace.o
         0          0          0          0          0          0   maybetermalloc1.o
         8          4          0          0          0         68   rt_heap_descriptor_intlibspace.o
         2          0          0          0          0          0   rtexit.o
        10          0          0          0          0          0   rtexit2.o
        12          4          0          0          0         60   sys_exit.o
        62          0          0          0          0         80   sys_stackheap_outer.o
        12          0          0          0          0         68   sys_wrch.o
         2          0          0          0          0         68   use_no_semi.o

    ----------------------------------------------------------------------
       836         78          0          0        100       1528   Library Totals
         6          0          0          0          4          0   (incl. Padding)

    ----------------------------------------------------------------------

      Code (inc. data)   RO Data    RW Data    ZI Data      Debug   Library Name

       830         78          0          0         96       1528   c_p.l

    ----------------------------------------------------------------------
       836         78          0          0        100       1528   Library Totals

    ----------------------------------------------------------------------

==============================================================================


      Code (inc. data)   RO Data    RW Data    ZI Data      Debug   

      4098        428       8062         12       1636     219097   Grand Totals
      4098        428       8062         12       1636     219097   ELF Image Totals
      4098        428       8062         12          0          0   ROM Totals

==============================================================================

    Total RO  Size (Code + RO Data)                12160 (  11.88kB)
    Total RW  Size (RW Data + ZI Data)              1648 (   1.61kB)
    Total ROM Size (Code + RO Data + RW Data)      12172 (  11.89kB)

==============================================================================

